2026-08-30 03:00:00 level=info msg="request handled" path=/v1/quote status=200 dur=3ms
2026-08-30 03:00:01 level=info msg="request handled" path=/v1/quote status=200 dur=4ms
2026-08-30 03:00:02 level=info msg="request handled" path=/v1/quote status=200 dur=5ms
2026-08-30 03:00:03 level=info msg="request handled" path=/v1/quote status=200 dur=6ms
2026-08-30 03:00:04 level=info msg="request handled" path=/v1/quote status=200 dur=7ms
2026-08-30 03:00:05 level=info msg="request handled" path=/v1/quote status=200 dur=8ms
2026-08-30 03:00:06 level=info msg="request handled" path=/v1/quote status=200 dur=9ms
2026-08-30 03:00:07 level=info msg="request handled" path=/v1/quote status=200 dur=10ms
2026-08-30 03:00:08 level=info msg="request handled" path=/v1/quote status=200 dur=11ms
2026-08-30 03:00:09 level=info msg="request handled" path=/v1/quote status=200 dur=3ms
2026-08-30 03:00:10 level=info msg="request handled" path=/v1/quote status=200 dur=4ms
2026-08-30 03:00:11 level=info msg="request handled" path=/v1/quote status=200 dur=5ms
2026-08-30 03:00:12 level=info msg="request handled" path=/v1/quote status=200 dur=6ms
2026-08-30 03:00:13 level=info msg="request handled" path=/v1/quote status=200 dur=7ms
2026-08-30 03:00:14 level=info msg="request handled" path=/v1/quote status=200 dur=8ms
2026-08-30 03:00:15 level=info msg="request handled" path=/v1/quote status=200 dur=9ms
2026-08-30 03:00:16 level=info msg="request handled" path=/v1/quote status=200 dur=10ms
2026-08-30 03:00:17 level=info msg="request handled" path=/v1/quote status=200 dur=11ms
2026-08-30 03:00:18 level=info msg="request handled" path=/v1/quote status=200 dur=3ms
2026-08-30 03:00:19 level=info msg="request handled" path=/v1/quote status=200 dur=4ms
2026-08-30 03:00:20 level=info msg="request handled" path=/v1/quote status=200 dur=5ms
2026-08-30 03:00:21 level=info msg="request handled" path=/v1/quote status=200 dur=6ms
2026-08-30 03:00:22 level=info msg="request handled" path=/v1/quote status=200 dur=7ms
2026-08-30 03:00:23 level=info msg="request handled" path=/v1/quote status=200 dur=8ms
2026-08-30 03:00:24 level=info msg="request handled" path=/v1/quote status=200 dur=9ms
2026-08-30 03:00:25 level=info msg="request handled" path=/v1/quote status=200 dur=10ms
2026-08-30 03:00:26 level=info msg="request handled" path=/v1/quote status=200 dur=11ms
2026-08-30 03:00:27 level=info msg="request handled" path=/v1/quote status=200 dur=3ms
2026-08-30 03:00:28 level=info msg="request handled" path=/v1/quote status=200 dur=4ms
2026-08-30 03:00:29 level=info msg="request handled" path=/v1/quote status=200 dur=5ms
2026-08-30 03:00:30 level=info msg="request handled" path=/v1/quote status=200 dur=6ms
2026-08-30 03:00:31 level=info msg="request handled" path=/v1/quote status=200 dur=7ms
2026-08-30 03:00:32 level=info msg="request handled" path=/v1/quote status=200 dur=8ms
2026-08-30 03:00:33 level=info msg="request handled" path=/v1/quote status=200 dur=9ms
2026-08-30 03:00:34 level=info msg="request handled" path=/v1/quote status=200 dur=10ms
2026-08-30 03:00:35 level=info msg="request handled" path=/v1/quote status=200 dur=11ms
2026-08-30 03:00:36 level=info msg="request handled" path=/v1/quote status=200 dur=3ms
2026-08-30 03:00:37 level=info msg="request handled" path=/v1/quote status=200 dur=4ms
2026-08-30 03:00:38 level=info msg="request handled" path=/v1/quote status=200 dur=5ms
2026-08-30 03:00:39 level=info msg="request handled" path=/v1/quote status=200 dur=6ms
2026-08-30 03:00:40 level=info msg="request handled" path=/v1/quote status=200 dur=7ms
2026-08-30 03:00:41 level=info msg="request handled" path=/v1/quote status=200 dur=8ms
2026-08-30 03:00:42 level=info msg="request handled" path=/v1/quote status=200 dur=9ms
2026-08-30 03:00:43 level=info msg="request handled" path=/v1/quote status=200 dur=10ms
2026-08-30 03:00:44 level=info msg="request handled" path=/v1/quote status=200 dur=11ms
2026-08-30 03:00:45 level=info msg="request handled" path=/v1/quote status=200 dur=3ms
2026-08-30 03:00:46 level=info msg="request handled" path=/v1/quote status=200 dur=4ms
2026-08-30 03:00:47 level=info msg="request handled" path=/v1/quote status=200 dur=5ms
2026-08-30 03:00:48 level=info msg="request handled" path=/v1/quote status=200 dur=6ms
2026-08-30 03:00:49 level=info msg="request handled" path=/v1/quote status=200 dur=7ms
2026-08-30 03:00:50 level=info msg="request handled" path=/v1/quote status=200 dur=8ms
2026-08-30 03:00:51 level=info msg="request handled" path=/v1/quote status=200 dur=9ms
2026-08-30 03:00:52 level=info msg="request handled" path=/v1/quote status=200 dur=10ms
2026-08-30 03:00:53 level=info msg="request handled" path=/v1/quote status=200 dur=11ms
2026-08-30 03:00:54 level=info msg="request handled" path=/v1/quote status=200 dur=3ms
2026-08-30 03:00:55 level=info msg="request handled" path=/v1/quote status=200 dur=4ms
2026-08-30 03:00:56 level=info msg="request handled" path=/v1/quote status=200 dur=5ms
2026-08-30 03:00:57 level=info msg="request handled" path=/v1/quote status=200 dur=6ms
2026-08-30 03:00:58 level=info msg="request handled" path=/v1/quote status=200 dur=7ms
2026-08-30 03:00:59 level=info msg="request handled" path=/v1/quote status=200 dur=8ms
2026-08-30 03:01:00 level=info msg="request handled" path=/v1/quote status=200 dur=9ms
2026-08-30 03:01:01 level=info msg="request handled" path=/v1/quote status=200 dur=10ms
2026-08-30 03:01:02 level=info msg="request handled" path=/v1/quote status=200 dur=11ms
2026-08-30 03:01:03 level=info msg="request handled" path=/v1/quote status=200 dur=3ms
2026-08-30 03:01:04 level=info msg="request handled" path=/v1/quote status=200 dur=4ms
2026-08-30 03:01:05 level=info msg="request handled" path=/v1/quote status=200 dur=5ms
2026-08-30 03:01:06 level=info msg="request handled" path=/v1/quote status=200 dur=6ms
2026-08-30 03:01:07 level=info msg="request handled" path=/v1/quote status=200 dur=7ms
2026-08-30 03:01:08 level=info msg="request handled" path=/v1/quote status=200 dur=8ms
2026-08-30 03:01:09 level=info msg="request handled" path=/v1/quote status=200 dur=9ms
2026-08-30 03:01:10 level=info msg="request handled" path=/v1/quote status=200 dur=10ms
2026-08-30 03:01:11 level=info msg="request handled" path=/v1/quote status=200 dur=11ms
2026-08-30 03:01:12 level=info msg="request handled" path=/v1/quote status=200 dur=3ms
2026-08-30 03:01:13 level=info msg="request handled" path=/v1/quote status=200 dur=4ms
2026-08-30 03:01:14 level=info msg="request handled" path=/v1/quote status=200 dur=5ms
2026-08-30 03:01:15 level=info msg="request handled" path=/v1/quote status=200 dur=6ms
2026-08-30 03:01:16 level=info msg="request handled" path=/v1/quote status=200 dur=7ms
2026-08-30 03:01:17 level=info msg="request handled" path=/v1/quote status=200 dur=8ms
2026-08-30 03:01:18 level=info msg="request handled" path=/v1/quote status=200 dur=9ms
2026-08-30 03:01:19 level=info msg="request handled" path=/v1/quote status=200 dur=10ms
2026-08-30 03:01:20 level=info msg="request handled" path=/v1/quote status=200 dur=11ms
2026-08-30 03:01:21 level=info msg="request handled" path=/v1/quote status=200 dur=3ms
2026-08-30 03:01:22 level=info msg="request handled" path=/v1/quote status=200 dur=4ms
2026-08-30 03:01:23 level=info msg="request handled" path=/v1/quote status=200 dur=5ms
2026-08-30 03:01:24 level=info msg="request handled" path=/v1/quote status=200 dur=6ms
2026-08-30 03:01:25 level=info msg="request handled" path=/v1/quote status=200 dur=7ms
2026-08-30 03:01:26 level=info msg="request handled" path=/v1/quote status=200 dur=8ms
2026-08-30 03:01:27 level=info msg="request handled" path=/v1/quote status=200 dur=9ms
2026-08-30 03:01:28 level=info msg="request handled" path=/v1/quote status=200 dur=10ms
2026-08-30 03:01:29 level=info msg="request handled" path=/v1/quote status=200 dur=11ms
2026-08-30 03:01:30 level=info msg="request handled" path=/v1/quote status=200 dur=3ms
2026-08-30 03:01:31 level=info msg="request handled" path=/v1/quote status=200 dur=4ms
2026-08-30 03:01:32 level=info msg="request handled" path=/v1/quote status=200 dur=5ms
2026-08-30 03:01:33 level=info msg="request handled" path=/v1/quote status=200 dur=6ms
2026-08-30 03:01:34 level=info msg="request handled" path=/v1/quote status=200 dur=7ms
2026-08-30 03:01:35 level=info msg="request handled" path=/v1/quote status=200 dur=8ms
2026-08-30 03:01:36 level=info msg="request handled" path=/v1/quote status=200 dur=9ms
2026-08-30 03:01:37 level=info msg="request handled" path=/v1/quote status=200 dur=10ms
2026-08-30 03:01:38 level=info msg="request handled" path=/v1/quote status=200 dur=11ms
2026-08-30 03:01:39 level=info msg="request handled" path=/v1/quote status=200 dur=3ms
panic: runtime error: index out of range [5] with length 3

goroutine 1 [running]:
main.computeQuote(...)
	/app/quote.go:42 +0x1b
main.main()
	/app/main.go:10 +0x65
exit status 2
2026-08-30 03:01:41 level=info msg="request handled" path=/v1/quote status=200 dur=4ms
2026-08-30 03:01:42 level=info msg="request handled" path=/v1/quote status=200 dur=5ms
2026-08-30 03:01:43 level=info msg="request handled" path=/v1/quote status=200 dur=6ms
2026-08-30 03:01:44 level=info msg="request handled" path=/v1/quote status=200 dur=7ms
2026-08-30 03:01:45 level=info msg="request handled" path=/v1/quote status=200 dur=8ms
2026-08-30 03:01:46 level=info msg="request handled" path=/v1/quote status=200 dur=9ms
2026-08-30 03:01:47 level=info msg="request handled" path=/v1/quote status=200 dur=10ms
2026-08-30 03:01:48 level=info msg="request handled" path=/v1/quote status=200 dur=11ms
2026-08-30 03:01:49 level=info msg="request handled" path=/v1/quote status=200 dur=12ms
2026-08-30 03:01:50 level=info msg="request handled" path=/v1/quote status=200 dur=4ms
2026-08-30 03:01:51 level=info msg="request handled" path=/v1/quote status=200 dur=5ms
2026-08-30 03:01:52 level=info msg="request handled" path=/v1/quote status=200 dur=6ms
2026-08-30 03:01:53 level=info msg="request handled" path=/v1/quote status=200 dur=7ms
2026-08-30 03:01:54 level=info msg="request handled" path=/v1/quote status=200 dur=8ms
2026-08-30 03:01:55 level=info msg="request handled" path=/v1/quote status=200 dur=9ms
2026-08-30 03:01:56 level=info msg="request handled" path=/v1/quote status=200 dur=10ms
2026-08-30 03:01:57 level=info msg="request handled" path=/v1/quote status=200 dur=11ms
2026-08-30 03:01:58 level=info msg="request handled" path=/v1/quote status=200 dur=12ms
2026-08-30 03:01:59 level=info msg="request handled" path=/v1/quote status=200 dur=4ms
2026-08-30 03:02:00 level=info msg="request handled" path=/v1/quote status=200 dur=5ms
2026-08-30 03:02:01 level=info msg="request handled" path=/v1/quote status=200 dur=6ms
2026-08-30 03:02:02 level=info msg="request handled" path=/v1/quote status=200 dur=7ms
2026-08-30 03:02:03 level=info msg="request handled" path=/v1/quote status=200 dur=8ms
2026-08-30 03:02:04 level=info msg="request handled" path=/v1/quote status=200 dur=9ms
2026-08-30 03:02:05 level=info msg="request handled" path=/v1/quote status=200 dur=10ms
2026-08-30 03:02:06 level=info msg="request handled" path=/v1/quote status=200 dur=11ms
2026-08-30 03:02:07 level=info msg="request handled" path=/v1/quote status=200 dur=12ms
2026-08-30 03:02:08 level=info msg="request handled" path=/v1/quote status=200 dur=4ms
2026-08-30 03:02:09 level=info msg="request handled" path=/v1/quote status=200 dur=5ms
2026-08-30 03:02:10 level=info msg="request handled" path=/v1/quote status=200 dur=6ms
