2026-08-30 03:00:00 INFO  [http-nio-8080-exec-1] c.e.OrderController - Processed order 100000 in 23ms
2026-08-30 03:00:01 INFO  [http-nio-8080-exec-2] c.e.OrderController - Processed order 100001 in 23ms
2026-08-30 03:00:02 INFO  [http-nio-8080-exec-3] c.e.OrderController - Processed order 100002 in 23ms
2026-08-30 03:00:03 INFO  [http-nio-8080-exec-4] c.e.OrderController - Processed order 100003 in 23ms
2026-08-30 03:00:04 INFO  [http-nio-8080-exec-5] c.e.OrderController - Processed order 100004 in 23ms
2026-08-30 03:00:05 INFO  [http-nio-8080-exec-6] c.e.OrderController - Processed order 100005 in 23ms
2026-08-30 03:00:06 INFO  [http-nio-8080-exec-7] c.e.OrderController - Processed order 100006 in 23ms
2026-08-30 03:00:07 INFO  [http-nio-8080-exec-8] c.e.OrderController - Processed order 100007 in 23ms
2026-08-30 03:00:08 INFO  [http-nio-8080-exec-9] c.e.OrderController - Processed order 100008 in 23ms
2026-08-30 03:00:09 INFO  [http-nio-8080-exec-10] c.e.OrderController - Processed order 100009 in 23ms
2026-08-30 03:00:10 INFO  [http-nio-8080-exec-11] c.e.OrderController - Processed order 100010 in 23ms
2026-08-30 03:00:11 INFO  [http-nio-8080-exec-12] c.e.OrderController - Processed order 100011 in 23ms
2026-08-30 03:00:12 INFO  [http-nio-8080-exec-13] c.e.OrderController - Processed order 100012 in 23ms
2026-08-30 03:00:13 INFO  [http-nio-8080-exec-14] c.e.OrderController - Processed order 100013 in 23ms
2026-08-30 03:00:14 INFO  [http-nio-8080-exec-15] c.e.OrderController - Processed order 100014 in 23ms
2026-08-30 03:00:15 INFO  [http-nio-8080-exec-16] c.e.OrderController - Processed order 100015 in 23ms
2026-08-30 03:00:16 INFO  [http-nio-8080-exec-17] c.e.OrderController - Processed order 100016 in 23ms
2026-08-30 03:00:17 INFO  [http-nio-8080-exec-18] c.e.OrderController - Processed order 100017 in 23ms
2026-08-30 03:00:18 INFO  [http-nio-8080-exec-19] c.e.OrderController - Processed order 100018 in 23ms
2026-08-30 03:00:19 INFO  [http-nio-8080-exec-20] c.e.OrderController - Processed order 100019 in 23ms
2026-08-30 03:00:20 INFO  [http-nio-8080-exec-1] c.e.OrderController - Processed order 100020 in 23ms
2026-08-30 03:00:21 INFO  [http-nio-8080-exec-2] c.e.OrderController - Processed order 100021 in 23ms
2026-08-30 03:00:22 INFO  [http-nio-8080-exec-3] c.e.OrderController - Processed order 100022 in 23ms
2026-08-30 03:00:23 INFO  [http-nio-8080-exec-4] c.e.OrderController - Processed order 100023 in 23ms
2026-08-30 03:00:24 INFO  [http-nio-8080-exec-5] c.e.OrderController - Processed order 100024 in 23ms
2026-08-30 03:00:25 INFO  [http-nio-8080-exec-6] c.e.OrderController - Processed order 100025 in 23ms
2026-08-30 03:00:26 INFO  [http-nio-8080-exec-7] c.e.OrderController - Processed order 100026 in 23ms
2026-08-30 03:00:27 INFO  [http-nio-8080-exec-8] c.e.OrderController - Processed order 100027 in 23ms
2026-08-30 03:00:28 INFO  [http-nio-8080-exec-9] c.e.OrderController - Processed order 100028 in 23ms
2026-08-30 03:00:29 INFO  [http-nio-8080-exec-10] c.e.OrderController - Processed order 100029 in 23ms
2026-08-30 03:00:30 INFO  [http-nio-8080-exec-11] c.e.OrderController - Processed order 100030 in 23ms
2026-08-30 03:00:31 INFO  [http-nio-8080-exec-12] c.e.OrderController - Processed order 100031 in 23ms
2026-08-30 03:00:32 INFO  [http-nio-8080-exec-13] c.e.OrderController - Processed order 100032 in 23ms
2026-08-30 03:00:33 INFO  [http-nio-8080-exec-14] c.e.OrderController - Processed order 100033 in 23ms
2026-08-30 03:00:34 INFO  [http-nio-8080-exec-15] c.e.OrderController - Processed order 100034 in 23ms
2026-08-30 03:00:35 INFO  [http-nio-8080-exec-16] c.e.OrderController - Processed order 100035 in 23ms
2026-08-30 03:00:36 INFO  [http-nio-8080-exec-17] c.e.OrderController - Processed order 100036 in 23ms
2026-08-30 03:00:37 INFO  [http-nio-8080-exec-18] c.e.OrderController - Processed order 100037 in 23ms
2026-08-30 03:00:38 INFO  [http-nio-8080-exec-19] c.e.OrderController - Processed order 100038 in 23ms
2026-08-30 03:00:39 INFO  [http-nio-8080-exec-20] c.e.OrderController - Processed order 100039 in 23ms
2026-08-30 03:00:40 INFO  [http-nio-8080-exec-1] c.e.OrderController - Processed order 100040 in 23ms
2026-08-30 03:00:41 INFO  [http-nio-8080-exec-2] c.e.OrderController - Processed order 100041 in 23ms
2026-08-30 03:00:42 INFO  [http-nio-8080-exec-3] c.e.OrderController - Processed order 100042 in 23ms
2026-08-30 03:00:43 INFO  [http-nio-8080-exec-4] c.e.OrderController - Processed order 100043 in 23ms
2026-08-30 03:00:44 INFO  [http-nio-8080-exec-5] c.e.OrderController - Processed order 100044 in 23ms
2026-08-30 03:00:45 INFO  [http-nio-8080-exec-6] c.e.OrderController - Processed order 100045 in 23ms
2026-08-30 03:00:46 INFO  [http-nio-8080-exec-7] c.e.OrderController - Processed order 100046 in 23ms
2026-08-30 03:00:47 INFO  [http-nio-8080-exec-8] c.e.OrderController - Processed order 100047 in 23ms
2026-08-30 03:00:48 INFO  [http-nio-8080-exec-9] c.e.OrderController - Processed order 100048 in 23ms
2026-08-30 03:00:49 INFO  [http-nio-8080-exec-10] c.e.OrderController - Processed order 100049 in 23ms
2026-08-30 03:00:50 INFO  [http-nio-8080-exec-11] c.e.OrderController - Processed order 100050 in 23ms
2026-08-30 03:00:51 INFO  [http-nio-8080-exec-12] c.e.OrderController - Processed order 100051 in 23ms
2026-08-30 03:00:52 INFO  [http-nio-8080-exec-13] c.e.OrderController - Processed order 100052 in 23ms
2026-08-30 03:00:53 INFO  [http-nio-8080-exec-14] c.e.OrderController - Processed order 100053 in 23ms
2026-08-30 03:00:54 INFO  [http-nio-8080-exec-15] c.e.OrderController - Processed order 100054 in 23ms
2026-08-30 03:00:55 INFO  [http-nio-8080-exec-16] c.e.OrderController - Processed order 100055 in 23ms
2026-08-30 03:00:56 INFO  [http-nio-8080-exec-17] c.e.OrderController - Processed order 100056 in 23ms
2026-08-30 03:00:57 INFO  [http-nio-8080-exec-18] c.e.OrderController - Processed order 100057 in 23ms
2026-08-30 03:00:58 INFO  [http-nio-8080-exec-19] c.e.OrderController - Processed order 100058 in 23ms
2026-08-30 03:00:59 INFO  [http-nio-8080-exec-20] c.e.OrderController - Processed order 100059 in 23ms
2026-08-30 03:01:00 INFO  [http-nio-8080-exec-1] c.e.OrderController - Processed order 100060 in 23ms
2026-08-30 03:01:01 INFO  [http-nio-8080-exec-2] c.e.OrderController - Processed order 100061 in 23ms
2026-08-30 03:01:02 INFO  [http-nio-8080-exec-3] c.e.OrderController - Processed order 100062 in 23ms
2026-08-30 03:01:03 INFO  [http-nio-8080-exec-4] c.e.OrderController - Processed order 100063 in 23ms
2026-08-30 03:01:04 INFO  [http-nio-8080-exec-5] c.e.OrderController - Processed order 100064 in 23ms
2026-08-30 03:01:05 INFO  [http-nio-8080-exec-6] c.e.OrderController - Processed order 100065 in 23ms
2026-08-30 03:01:06 INFO  [http-nio-8080-exec-7] c.e.OrderController - Processed order 100066 in 23ms
2026-08-30 03:01:07 INFO  [http-nio-8080-exec-8] c.e.OrderController - Processed order 100067 in 23ms
2026-08-30 03:01:08 INFO  [http-nio-8080-exec-9] c.e.OrderController - Processed order 100068 in 23ms
2026-08-30 03:01:09 INFO  [http-nio-8080-exec-10] c.e.OrderController - Processed order 100069 in 23ms
2026-08-30 03:01:10 INFO  [http-nio-8080-exec-11] c.e.OrderController - Processed order 100070 in 23ms
2026-08-30 03:01:11 INFO  [http-nio-8080-exec-12] c.e.OrderController - Processed order 100071 in 23ms
2026-08-30 03:01:12 INFO  [http-nio-8080-exec-13] c.e.OrderController - Processed order 100072 in 23ms
2026-08-30 03:01:13 INFO  [http-nio-8080-exec-14] c.e.OrderController - Processed order 100073 in 23ms
2026-08-30 03:01:14 INFO  [http-nio-8080-exec-15] c.e.OrderController - Processed order 100074 in 23ms
2026-08-30 03:01:15 INFO  [http-nio-8080-exec-16] c.e.OrderController - Processed order 100075 in 23ms
2026-08-30 03:01:16 INFO  [http-nio-8080-exec-17] c.e.OrderController - Processed order 100076 in 23ms
2026-08-30 03:01:17 INFO  [http-nio-8080-exec-18] c.e.OrderController - Processed order 100077 in 23ms
2026-08-30 03:01:18 INFO  [http-nio-8080-exec-19] c.e.OrderController - Processed order 100078 in 23ms
2026-08-30 03:01:19 INFO  [http-nio-8080-exec-20] c.e.OrderController - Processed order 100079 in 23ms
2026-08-30 03:01:20 INFO  [http-nio-8080-exec-1] c.e.OrderController - Processed order 100080 in 23ms
2026-08-30 03:01:21 INFO  [http-nio-8080-exec-2] c.e.OrderController - Processed order 100081 in 23ms
2026-08-30 03:01:22 INFO  [http-nio-8080-exec-3] c.e.OrderController - Processed order 100082 in 23ms
2026-08-30 03:01:23 INFO  [http-nio-8080-exec-4] c.e.OrderController - Processed order 100083 in 23ms
2026-08-30 03:01:24 INFO  [http-nio-8080-exec-5] c.e.OrderController - Processed order 100084 in 23ms
2026-08-30 03:01:25 INFO  [http-nio-8080-exec-6] c.e.OrderController - Processed order 100085 in 23ms
2026-08-30 03:01:26 INFO  [http-nio-8080-exec-7] c.e.OrderController - Processed order 100086 in 23ms
2026-08-30 03:01:27 INFO  [http-nio-8080-exec-8] c.e.OrderController - Processed order 100087 in 23ms
2026-08-30 03:01:28 INFO  [http-nio-8080-exec-9] c.e.OrderController - Processed order 100088 in 23ms
2026-08-30 03:01:29 INFO  [http-nio-8080-exec-10] c.e.OrderController - Processed order 100089 in 23ms
2026-08-30 03:01:30 INFO  [http-nio-8080-exec-11] c.e.OrderController - Processed order 100090 in 23ms
2026-08-30 03:01:31 INFO  [http-nio-8080-exec-12] c.e.OrderController - Processed order 100091 in 23ms
2026-08-30 03:01:32 INFO  [http-nio-8080-exec-13] c.e.OrderController - Processed order 100092 in 23ms
2026-08-30 03:01:33 INFO  [http-nio-8080-exec-14] c.e.OrderController - Processed order 100093 in 23ms
2026-08-30 03:01:34 INFO  [http-nio-8080-exec-15] c.e.OrderController - Processed order 100094 in 23ms
2026-08-30 03:01:35 INFO  [http-nio-8080-exec-16] c.e.OrderController - Processed order 100095 in 23ms
2026-08-30 03:01:36 INFO  [http-nio-8080-exec-17] c.e.OrderController - Processed order 100096 in 23ms
2026-08-30 03:01:37 INFO  [http-nio-8080-exec-18] c.e.OrderController - Processed order 100097 in 23ms
2026-08-30 03:01:38 INFO  [http-nio-8080-exec-19] c.e.OrderController - Processed order 100098 in 23ms
2026-08-30 03:01:39 INFO  [http-nio-8080-exec-20] c.e.OrderController - Processed order 100099 in 23ms
2026-08-30 03:01:40 INFO  [http-nio-8080-exec-1] c.e.OrderController - Processed order 100100 in 23ms
2026-08-30 03:01:41 INFO  [http-nio-8080-exec-2] c.e.OrderController - Processed order 100101 in 23ms
2026-08-30 03:01:42 INFO  [http-nio-8080-exec-3] c.e.OrderController - Processed order 100102 in 23ms
2026-08-30 03:01:43 INFO  [http-nio-8080-exec-4] c.e.OrderController - Processed order 100103 in 23ms
2026-08-30 03:01:44 INFO  [http-nio-8080-exec-5] c.e.OrderController - Processed order 100104 in 23ms
2026-08-30 03:01:45 INFO  [http-nio-8080-exec-6] c.e.OrderController - Processed order 100105 in 23ms
2026-08-30 03:01:46 INFO  [http-nio-8080-exec-7] c.e.OrderController - Processed order 100106 in 23ms
2026-08-30 03:01:47 INFO  [http-nio-8080-exec-8] c.e.OrderController - Processed order 100107 in 23ms
2026-08-30 03:01:48 INFO  [http-nio-8080-exec-9] c.e.OrderController - Processed order 100108 in 23ms
2026-08-30 03:01:49 INFO  [http-nio-8080-exec-10] c.e.OrderController - Processed order 100109 in 23ms
2026-08-30 03:01:50 INFO  [http-nio-8080-exec-11] c.e.OrderController - Processed order 100110 in 23ms
2026-08-30 03:01:51 INFO  [http-nio-8080-exec-12] c.e.OrderController - Processed order 100111 in 23ms
2026-08-30 03:01:52 INFO  [http-nio-8080-exec-13] c.e.OrderController - Processed order 100112 in 23ms
2026-08-30 03:01:53 INFO  [http-nio-8080-exec-14] c.e.OrderController - Processed order 100113 in 23ms
2026-08-30 03:01:54 INFO  [http-nio-8080-exec-15] c.e.OrderController - Processed order 100114 in 23ms
2026-08-30 03:01:55 INFO  [http-nio-8080-exec-16] c.e.OrderController - Processed order 100115 in 23ms
2026-08-30 03:01:56 INFO  [http-nio-8080-exec-17] c.e.OrderController - Processed order 100116 in 23ms
2026-08-30 03:01:57 INFO  [http-nio-8080-exec-18] c.e.OrderController - Processed order 100117 in 23ms
2026-08-30 03:01:58 INFO  [http-nio-8080-exec-19] c.e.OrderController - Processed order 100118 in 23ms
2026-08-30 03:01:59 INFO  [http-nio-8080-exec-20] c.e.OrderController - Processed order 100119 in 23ms
2026-08-30 03:02:00 INFO  [http-nio-8080-exec-1] c.e.OrderController - Processed order 100120 in 23ms
2026-08-30 03:02:01 INFO  [http-nio-8080-exec-2] c.e.OrderController - Processed order 100121 in 23ms
2026-08-30 03:02:02 INFO  [http-nio-8080-exec-3] c.e.OrderController - Processed order 100122 in 23ms
2026-08-30 03:02:03 INFO  [http-nio-8080-exec-4] c.e.OrderController - Processed order 100123 in 23ms
2026-08-30 03:02:04 INFO  [http-nio-8080-exec-5] c.e.OrderController - Processed order 100124 in 23ms
2026-08-30 03:02:05 INFO  [http-nio-8080-exec-6] c.e.OrderController - Processed order 100125 in 23ms
2026-08-30 03:02:06 INFO  [http-nio-8080-exec-7] c.e.OrderController - Processed order 100126 in 23ms
2026-08-30 03:02:07 INFO  [http-nio-8080-exec-8] c.e.OrderController - Processed order 100127 in 23ms
2026-08-30 03:02:08 INFO  [http-nio-8080-exec-9] c.e.OrderController - Processed order 100128 in 23ms
2026-08-30 03:02:09 INFO  [http-nio-8080-exec-10] c.e.OrderController - Processed order 100129 in 23ms
2026-08-30 03:02:10 INFO  [http-nio-8080-exec-11] c.e.OrderController - Processed order 100130 in 23ms
2026-08-30 03:02:11 INFO  [http-nio-8080-exec-12] c.e.OrderController - Processed order 100131 in 23ms
2026-08-30 03:02:12 INFO  [http-nio-8080-exec-13] c.e.OrderController - Processed order 100132 in 23ms
2026-08-30 03:02:13 INFO  [http-nio-8080-exec-14] c.e.OrderController - Processed order 100133 in 23ms
2026-08-30 03:02:14 INFO  [http-nio-8080-exec-15] c.e.OrderController - Processed order 100134 in 23ms
2026-08-30 03:02:15 INFO  [http-nio-8080-exec-16] c.e.OrderController - Processed order 100135 in 23ms
2026-08-30 03:02:16 INFO  [http-nio-8080-exec-17] c.e.OrderController - Processed order 100136 in 23ms
2026-08-30 03:02:17 INFO  [http-nio-8080-exec-18] c.e.OrderController - Processed order 100137 in 23ms
2026-08-30 03:02:18 INFO  [http-nio-8080-exec-19] c.e.OrderController - Processed order 100138 in 23ms
2026-08-30 03:02:19 INFO  [http-nio-8080-exec-20] c.e.OrderController - Processed order 100139 in 23ms
2026-08-30 03:02:20 INFO  [http-nio-8080-exec-1] c.e.OrderController - Processed order 100140 in 23ms
2026-08-30 03:02:21 INFO  [http-nio-8080-exec-2] c.e.OrderController - Processed order 100141 in 23ms
2026-08-30 03:02:22 INFO  [http-nio-8080-exec-3] c.e.OrderController - Processed order 100142 in 23ms
2026-08-30 03:02:23 INFO  [http-nio-8080-exec-4] c.e.OrderController - Processed order 100143 in 23ms
2026-08-30 03:02:24 INFO  [http-nio-8080-exec-5] c.e.OrderController - Processed order 100144 in 23ms
2026-08-30 03:02:25 INFO  [http-nio-8080-exec-6] c.e.OrderController - Processed order 100145 in 23ms
2026-08-30 03:02:26 INFO  [http-nio-8080-exec-7] c.e.OrderController - Processed order 100146 in 23ms
2026-08-30 03:02:27 INFO  [http-nio-8080-exec-8] c.e.OrderController - Processed order 100147 in 23ms
2026-08-30 03:02:28 INFO  [http-nio-8080-exec-9] c.e.OrderController - Processed order 100148 in 23ms
2026-08-30 03:02:29 INFO  [http-nio-8080-exec-10] c.e.OrderController - Processed order 100149 in 23ms
2026-08-30 03:02:30 INFO  [http-nio-8080-exec-11] c.e.OrderController - Processed order 100150 in 23ms
2026-08-30 03:02:31 INFO  [http-nio-8080-exec-12] c.e.OrderController - Processed order 100151 in 23ms
2026-08-30 03:02:32 INFO  [http-nio-8080-exec-13] c.e.OrderController - Processed order 100152 in 23ms
2026-08-30 03:02:33 INFO  [http-nio-8080-exec-14] c.e.OrderController - Processed order 100153 in 23ms
2026-08-30 03:02:34 INFO  [http-nio-8080-exec-15] c.e.OrderController - Processed order 100154 in 23ms
2026-08-30 03:02:35 INFO  [http-nio-8080-exec-16] c.e.OrderController - Processed order 100155 in 23ms
2026-08-30 03:02:36 INFO  [http-nio-8080-exec-17] c.e.OrderController - Processed order 100156 in 23ms
2026-08-30 03:02:37 INFO  [http-nio-8080-exec-18] c.e.OrderController - Processed order 100157 in 23ms
2026-08-30 03:02:38 INFO  [http-nio-8080-exec-19] c.e.OrderController - Processed order 100158 in 23ms
2026-08-30 03:02:39 INFO  [http-nio-8080-exec-20] c.e.OrderController - Processed order 100159 in 23ms
2026-08-30 03:02:40 INFO  [http-nio-8080-exec-1] c.e.OrderController - Processed order 100160 in 23ms
2026-08-30 03:02:41 INFO  [http-nio-8080-exec-2] c.e.OrderController - Processed order 100161 in 23ms
2026-08-30 03:02:42 INFO  [http-nio-8080-exec-3] c.e.OrderController - Processed order 100162 in 23ms
2026-08-30 03:02:43 INFO  [http-nio-8080-exec-4] c.e.OrderController - Processed order 100163 in 23ms
2026-08-30 03:02:44 INFO  [http-nio-8080-exec-5] c.e.OrderController - Processed order 100164 in 23ms
2026-08-30 03:02:45 INFO  [http-nio-8080-exec-6] c.e.OrderController - Processed order 100165 in 23ms
2026-08-30 03:02:46 INFO  [http-nio-8080-exec-7] c.e.OrderController - Processed order 100166 in 23ms
2026-08-30 03:02:47 INFO  [http-nio-8080-exec-8] c.e.OrderController - Processed order 100167 in 23ms
2026-08-30 03:02:48 INFO  [http-nio-8080-exec-9] c.e.OrderController - Processed order 100168 in 23ms
2026-08-30 03:02:49 INFO  [http-nio-8080-exec-10] c.e.OrderController - Processed order 100169 in 23ms
2026-08-30 03:02:50 INFO  [http-nio-8080-exec-11] c.e.OrderController - Processed order 100170 in 23ms
2026-08-30 03:02:51 INFO  [http-nio-8080-exec-12] c.e.OrderController - Processed order 100171 in 23ms
2026-08-30 03:02:52 INFO  [http-nio-8080-exec-13] c.e.OrderController - Processed order 100172 in 23ms
2026-08-30 03:02:53 INFO  [http-nio-8080-exec-14] c.e.OrderController - Processed order 100173 in 23ms
2026-08-30 03:02:54 INFO  [http-nio-8080-exec-15] c.e.OrderController - Processed order 100174 in 23ms
2026-08-30 03:02:55 INFO  [http-nio-8080-exec-16] c.e.OrderController - Processed order 100175 in 23ms
2026-08-30 03:02:56 INFO  [http-nio-8080-exec-17] c.e.OrderController - Processed order 100176 in 23ms
2026-08-30 03:02:57 INFO  [http-nio-8080-exec-18] c.e.OrderController - Processed order 100177 in 23ms
2026-08-30 03:02:58 INFO  [http-nio-8080-exec-19] c.e.OrderController - Processed order 100178 in 23ms
2026-08-30 03:02:59 INFO  [http-nio-8080-exec-20] c.e.OrderController - Processed order 100179 in 23ms
2026-08-30 03:03:00 INFO  [http-nio-8080-exec-1] c.e.OrderController - Processed order 100180 in 23ms
2026-08-30 03:03:01 INFO  [http-nio-8080-exec-2] c.e.OrderController - Processed order 100181 in 23ms
2026-08-30 03:03:02 INFO  [http-nio-8080-exec-3] c.e.OrderController - Processed order 100182 in 23ms
2026-08-30 03:03:03 INFO  [http-nio-8080-exec-4] c.e.OrderController - Processed order 100183 in 23ms
2026-08-30 03:03:04 INFO  [http-nio-8080-exec-5] c.e.OrderController - Processed order 100184 in 23ms
2026-08-30 03:03:05 INFO  [http-nio-8080-exec-6] c.e.OrderController - Processed order 100185 in 23ms
2026-08-30 03:03:06 INFO  [http-nio-8080-exec-7] c.e.OrderController - Processed order 100186 in 23ms
2026-08-30 03:03:07 INFO  [http-nio-8080-exec-8] c.e.OrderController - Processed order 100187 in 23ms
2026-08-30 03:03:08 INFO  [http-nio-8080-exec-9] c.e.OrderController - Processed order 100188 in 23ms
2026-08-30 03:03:09 INFO  [http-nio-8080-exec-10] c.e.OrderController - Processed order 100189 in 23ms
2026-08-30 03:03:10 INFO  [http-nio-8080-exec-11] c.e.OrderController - Processed order 100190 in 23ms
2026-08-30 03:03:11 INFO  [http-nio-8080-exec-12] c.e.OrderController - Processed order 100191 in 23ms
2026-08-30 03:03:12 INFO  [http-nio-8080-exec-13] c.e.OrderController - Processed order 100192 in 23ms
2026-08-30 03:03:13 INFO  [http-nio-8080-exec-14] c.e.OrderController - Processed order 100193 in 23ms
2026-08-30 03:03:14 INFO  [http-nio-8080-exec-15] c.e.OrderController - Processed order 100194 in 23ms
2026-08-30 03:03:15 INFO  [http-nio-8080-exec-16] c.e.OrderController - Processed order 100195 in 23ms
2026-08-30 03:03:16 INFO  [http-nio-8080-exec-17] c.e.OrderController - Processed order 100196 in 23ms
2026-08-30 03:03:17 INFO  [http-nio-8080-exec-18] c.e.OrderController - Processed order 100197 in 23ms
2026-08-30 03:03:18 INFO  [http-nio-8080-exec-19] c.e.OrderController - Processed order 100198 in 23ms
2026-08-30 03:03:19 INFO  [http-nio-8080-exec-20] c.e.OrderController - Processed order 100199 in 23ms
2026-08-30 03:03:20 ERROR [http-nio-8080-exec-7] c.e.OrderController - java.lang.NullPointerException: Cannot invoke "com.example.Customer.getId()" because "customer" is null
	at com.example.OrderService.charge(OrderService.java:88)
	at com.example.OrderController.create(OrderController.java:41)
	at java.base/jdk.internal.reflect.NativeMethodAccessorImpl.invoke0(Native Method)
Caused by: java.lang.IllegalStateException: customer session expired
	at com.example.SessionManager.get(SessionManager.java:15)
	... 5 more
2026-08-30 03:03:21 INFO  [http-nio-8080-exec-1] c.e.OrderController - Processed order 200000 in 19ms
2026-08-30 03:03:22 INFO  [http-nio-8080-exec-2] c.e.OrderController - Processed order 200001 in 19ms
2026-08-30 03:03:23 INFO  [http-nio-8080-exec-3] c.e.OrderController - Processed order 200002 in 19ms
2026-08-30 03:03:24 INFO  [http-nio-8080-exec-4] c.e.OrderController - Processed order 200003 in 19ms
2026-08-30 03:03:25 INFO  [http-nio-8080-exec-5] c.e.OrderController - Processed order 200004 in 19ms
2026-08-30 03:03:26 INFO  [http-nio-8080-exec-6] c.e.OrderController - Processed order 200005 in 19ms
2026-08-30 03:03:27 INFO  [http-nio-8080-exec-7] c.e.OrderController - Processed order 200006 in 19ms
2026-08-30 03:03:28 INFO  [http-nio-8080-exec-8] c.e.OrderController - Processed order 200007 in 19ms
2026-08-30 03:03:29 INFO  [http-nio-8080-exec-9] c.e.OrderController - Processed order 200008 in 19ms
2026-08-30 03:03:30 INFO  [http-nio-8080-exec-10] c.e.OrderController - Processed order 200009 in 19ms
2026-08-30 03:03:31 INFO  [http-nio-8080-exec-11] c.e.OrderController - Processed order 200010 in 19ms
2026-08-30 03:03:32 INFO  [http-nio-8080-exec-12] c.e.OrderController - Processed order 200011 in 19ms
2026-08-30 03:03:33 INFO  [http-nio-8080-exec-13] c.e.OrderController - Processed order 200012 in 19ms
2026-08-30 03:03:34 INFO  [http-nio-8080-exec-14] c.e.OrderController - Processed order 200013 in 19ms
2026-08-30 03:03:35 INFO  [http-nio-8080-exec-15] c.e.OrderController - Processed order 200014 in 19ms
2026-08-30 03:03:36 INFO  [http-nio-8080-exec-16] c.e.OrderController - Processed order 200015 in 19ms
2026-08-30 03:03:37 INFO  [http-nio-8080-exec-17] c.e.OrderController - Processed order 200016 in 19ms
2026-08-30 03:03:38 INFO  [http-nio-8080-exec-18] c.e.OrderController - Processed order 200017 in 19ms
2026-08-30 03:03:39 INFO  [http-nio-8080-exec-19] c.e.OrderController - Processed order 200018 in 19ms
2026-08-30 03:03:40 INFO  [http-nio-8080-exec-20] c.e.OrderController - Processed order 200019 in 19ms
2026-08-30 03:03:41 INFO  [http-nio-8080-exec-1] c.e.OrderController - Processed order 200020 in 19ms
2026-08-30 03:03:42 INFO  [http-nio-8080-exec-2] c.e.OrderController - Processed order 200021 in 19ms
2026-08-30 03:03:43 INFO  [http-nio-8080-exec-3] c.e.OrderController - Processed order 200022 in 19ms
2026-08-30 03:03:44 INFO  [http-nio-8080-exec-4] c.e.OrderController - Processed order 200023 in 19ms
2026-08-30 03:03:45 INFO  [http-nio-8080-exec-5] c.e.OrderController - Processed order 200024 in 19ms
2026-08-30 03:03:46 INFO  [http-nio-8080-exec-6] c.e.OrderController - Processed order 200025 in 19ms
2026-08-30 03:03:47 INFO  [http-nio-8080-exec-7] c.e.OrderController - Processed order 200026 in 19ms
2026-08-30 03:03:48 INFO  [http-nio-8080-exec-8] c.e.OrderController - Processed order 200027 in 19ms
2026-08-30 03:03:49 INFO  [http-nio-8080-exec-9] c.e.OrderController - Processed order 200028 in 19ms
2026-08-30 03:03:50 INFO  [http-nio-8080-exec-10] c.e.OrderController - Processed order 200029 in 19ms
