2026-08-30 03:00:00 info: request completed method=GET path=/api/items status=200 duration=10ms
2026-08-30 03:00:01 info: request completed method=GET path=/api/items status=200 duration=11ms
2026-08-30 03:00:02 info: request completed method=GET path=/api/items status=200 duration=12ms
2026-08-30 03:00:03 info: request completed method=GET path=/api/items status=200 duration=13ms
2026-08-30 03:00:04 info: request completed method=GET path=/api/items status=200 duration=14ms
2026-08-30 03:00:05 info: request completed method=GET path=/api/items status=200 duration=15ms
2026-08-30 03:00:06 info: request completed method=GET path=/api/items status=200 duration=16ms
2026-08-30 03:00:07 info: request completed method=GET path=/api/items status=200 duration=17ms
2026-08-30 03:00:08 info: request completed method=GET path=/api/items status=200 duration=18ms
2026-08-30 03:00:09 info: request completed method=GET path=/api/items status=200 duration=19ms
2026-08-30 03:00:10 info: request completed method=GET path=/api/items status=200 duration=20ms
2026-08-30 03:00:11 info: request completed method=GET path=/api/items status=200 duration=21ms
2026-08-30 03:00:12 info: request completed method=GET path=/api/items status=200 duration=22ms
2026-08-30 03:00:13 info: request completed method=GET path=/api/items status=200 duration=23ms
2026-08-30 03:00:14 info: request completed method=GET path=/api/items status=200 duration=24ms
2026-08-30 03:00:15 info: request completed method=GET path=/api/items status=200 duration=25ms
2026-08-30 03:00:16 info: request completed method=GET path=/api/items status=200 duration=26ms
2026-08-30 03:00:17 info: request completed method=GET path=/api/items status=200 duration=27ms
2026-08-30 03:00:18 info: request completed method=GET path=/api/items status=200 duration=28ms
2026-08-30 03:00:19 info: request completed method=GET path=/api/items status=200 duration=29ms
2026-08-30 03:00:20 info: request completed method=GET path=/api/items status=200 duration=30ms
2026-08-30 03:00:21 info: request completed method=GET path=/api/items status=200 duration=31ms
2026-08-30 03:00:22 info: request completed method=GET path=/api/items status=200 duration=32ms
2026-08-30 03:00:23 info: request completed method=GET path=/api/items status=200 duration=33ms
2026-08-30 03:00:24 info: request completed method=GET path=/api/items status=200 duration=34ms
2026-08-30 03:00:25 info: request completed method=GET path=/api/items status=200 duration=35ms
2026-08-30 03:00:26 info: request completed method=GET path=/api/items status=200 duration=36ms
2026-08-30 03:00:27 info: request completed method=GET path=/api/items status=200 duration=37ms
2026-08-30 03:00:28 info: request completed method=GET path=/api/items status=200 duration=38ms
2026-08-30 03:00:29 info: request completed method=GET path=/api/items status=200 duration=39ms
2026-08-30 03:00:30 info: request completed method=GET path=/api/items status=200 duration=40ms
2026-08-30 03:00:31 info: request completed method=GET path=/api/items status=200 duration=41ms
2026-08-30 03:00:32 info: request completed method=GET path=/api/items status=200 duration=42ms
2026-08-30 03:00:33 info: request completed method=GET path=/api/items status=200 duration=43ms
2026-08-30 03:00:34 info: request completed method=GET path=/api/items status=200 duration=44ms
2026-08-30 03:00:35 info: request completed method=GET path=/api/items status=200 duration=45ms
2026-08-30 03:00:36 info: request completed method=GET path=/api/items status=200 duration=46ms
2026-08-30 03:00:37 info: request completed method=GET path=/api/items status=200 duration=47ms
2026-08-30 03:00:38 info: request completed method=GET path=/api/items status=200 duration=48ms
2026-08-30 03:00:39 info: request completed method=GET path=/api/items status=200 duration=49ms
2026-08-30 03:00:40 info: request completed method=GET path=/api/items status=200 duration=10ms
2026-08-30 03:00:41 info: request completed method=GET path=/api/items status=200 duration=11ms
2026-08-30 03:00:42 info: request completed method=GET path=/api/items status=200 duration=12ms
2026-08-30 03:00:43 info: request completed method=GET path=/api/items status=200 duration=13ms
2026-08-30 03:00:44 info: request completed method=GET path=/api/items status=200 duration=14ms
2026-08-30 03:00:45 info: request completed method=GET path=/api/items status=200 duration=15ms
2026-08-30 03:00:46 info: request completed method=GET path=/api/items status=200 duration=16ms
2026-08-30 03:00:47 info: request completed method=GET path=/api/items status=200 duration=17ms
2026-08-30 03:00:48 info: request completed method=GET path=/api/items status=200 duration=18ms
2026-08-30 03:00:49 info: request completed method=GET path=/api/items status=200 duration=19ms
2026-08-30 03:00:50 info: request completed method=GET path=/api/items status=200 duration=20ms
2026-08-30 03:00:51 info: request completed method=GET path=/api/items status=200 duration=21ms
2026-08-30 03:00:52 info: request completed method=GET path=/api/items status=200 duration=22ms
2026-08-30 03:00:53 info: request completed method=GET path=/api/items status=200 duration=23ms
2026-08-30 03:00:54 info: request completed method=GET path=/api/items status=200 duration=24ms
2026-08-30 03:00:55 info: request completed method=GET path=/api/items status=200 duration=25ms
2026-08-30 03:00:56 info: request completed method=GET path=/api/items status=200 duration=26ms
2026-08-30 03:00:57 info: request completed method=GET path=/api/items status=200 duration=27ms
2026-08-30 03:00:58 info: request completed method=GET path=/api/items status=200 duration=28ms
2026-08-30 03:00:59 info: request completed method=GET path=/api/items status=200 duration=29ms
2026-08-30 03:01:00 info: request completed method=GET path=/api/items status=200 duration=30ms
2026-08-30 03:01:01 info: request completed method=GET path=/api/items status=200 duration=31ms
2026-08-30 03:01:02 info: request completed method=GET path=/api/items status=200 duration=32ms
2026-08-30 03:01:03 info: request completed method=GET path=/api/items status=200 duration=33ms
2026-08-30 03:01:04 info: request completed method=GET path=/api/items status=200 duration=34ms
2026-08-30 03:01:05 info: request completed method=GET path=/api/items status=200 duration=35ms
2026-08-30 03:01:06 info: request completed method=GET path=/api/items status=200 duration=36ms
2026-08-30 03:01:07 info: request completed method=GET path=/api/items status=200 duration=37ms
2026-08-30 03:01:08 info: request completed method=GET path=/api/items status=200 duration=38ms
2026-08-30 03:01:09 info: request completed method=GET path=/api/items status=200 duration=39ms
2026-08-30 03:01:10 info: request completed method=GET path=/api/items status=200 duration=40ms
2026-08-30 03:01:11 info: request completed method=GET path=/api/items status=200 duration=41ms
2026-08-30 03:01:12 info: request completed method=GET path=/api/items status=200 duration=42ms
2026-08-30 03:01:13 info: request completed method=GET path=/api/items status=200 duration=43ms
2026-08-30 03:01:14 info: request completed method=GET path=/api/items status=200 duration=44ms
2026-08-30 03:01:15 info: request completed method=GET path=/api/items status=200 duration=45ms
2026-08-30 03:01:16 info: request completed method=GET path=/api/items status=200 duration=46ms
2026-08-30 03:01:17 info: request completed method=GET path=/api/items status=200 duration=47ms
2026-08-30 03:01:18 info: request completed method=GET path=/api/items status=200 duration=48ms
2026-08-30 03:01:19 info: request completed method=GET path=/api/items status=200 duration=49ms
2026-08-30 03:01:20 info: request completed method=GET path=/api/items status=200 duration=10ms
2026-08-30 03:01:21 info: request completed method=GET path=/api/items status=200 duration=11ms
2026-08-30 03:01:22 info: request completed method=GET path=/api/items status=200 duration=12ms
2026-08-30 03:01:23 info: request completed method=GET path=/api/items status=200 duration=13ms
2026-08-30 03:01:24 info: request completed method=GET path=/api/items status=200 duration=14ms
2026-08-30 03:01:25 info: request completed method=GET path=/api/items status=200 duration=15ms
2026-08-30 03:01:26 info: request completed method=GET path=/api/items status=200 duration=16ms
2026-08-30 03:01:27 info: request completed method=GET path=/api/items status=200 duration=17ms
2026-08-30 03:01:28 info: request completed method=GET path=/api/items status=200 duration=18ms
2026-08-30 03:01:29 info: request completed method=GET path=/api/items status=200 duration=19ms
2026-08-30 03:01:30 info: request completed method=GET path=/api/items status=200 duration=20ms
2026-08-30 03:01:31 info: request completed method=GET path=/api/items status=200 duration=21ms
2026-08-30 03:01:32 info: request completed method=GET path=/api/items status=200 duration=22ms
2026-08-30 03:01:33 info: request completed method=GET path=/api/items status=200 duration=23ms
2026-08-30 03:01:34 info: request completed method=GET path=/api/items status=200 duration=24ms
2026-08-30 03:01:35 info: request completed method=GET path=/api/items status=200 duration=25ms
2026-08-30 03:01:36 info: request completed method=GET path=/api/items status=200 duration=26ms
2026-08-30 03:01:37 info: request completed method=GET path=/api/items status=200 duration=27ms
2026-08-30 03:01:38 info: request completed method=GET path=/api/items status=200 duration=28ms
2026-08-30 03:01:39 info: request completed method=GET path=/api/items status=200 duration=29ms
2026-08-30 03:01:40 info: request completed method=GET path=/api/items status=200 duration=30ms
2026-08-30 03:01:41 info: request completed method=GET path=/api/items status=200 duration=31ms
2026-08-30 03:01:42 info: request completed method=GET path=/api/items status=200 duration=32ms
2026-08-30 03:01:43 info: request completed method=GET path=/api/items status=200 duration=33ms
2026-08-30 03:01:44 info: request completed method=GET path=/api/items status=200 duration=34ms
2026-08-30 03:01:45 info: request completed method=GET path=/api/items status=200 duration=35ms
2026-08-30 03:01:46 info: request completed method=GET path=/api/items status=200 duration=36ms
2026-08-30 03:01:47 info: request completed method=GET path=/api/items status=200 duration=37ms
2026-08-30 03:01:48 info: request completed method=GET path=/api/items status=200 duration=38ms
2026-08-30 03:01:49 info: request completed method=GET path=/api/items status=200 duration=39ms
2026-08-30 03:01:50 info: request completed method=GET path=/api/items status=200 duration=40ms
2026-08-30 03:01:51 info: request completed method=GET path=/api/items status=200 duration=41ms
2026-08-30 03:01:52 info: request completed method=GET path=/api/items status=200 duration=42ms
2026-08-30 03:01:53 info: request completed method=GET path=/api/items status=200 duration=43ms
2026-08-30 03:01:54 info: request completed method=GET path=/api/items status=200 duration=44ms
2026-08-30 03:01:55 info: request completed method=GET path=/api/items status=200 duration=45ms
2026-08-30 03:01:56 info: request completed method=GET path=/api/items status=200 duration=46ms
2026-08-30 03:01:57 info: request completed method=GET path=/api/items status=200 duration=47ms
2026-08-30 03:01:58 info: request completed method=GET path=/api/items status=200 duration=48ms
2026-08-30 03:01:59 info: request completed method=GET path=/api/items status=200 duration=49ms
2026-08-30 03:02:00 info: request completed method=GET path=/api/items status=200 duration=10ms
2026-08-30 03:02:01 info: request completed method=GET path=/api/items status=200 duration=11ms
2026-08-30 03:02:02 info: request completed method=GET path=/api/items status=200 duration=12ms
2026-08-30 03:02:03 info: request completed method=GET path=/api/items status=200 duration=13ms
2026-08-30 03:02:04 info: request completed method=GET path=/api/items status=200 duration=14ms
2026-08-30 03:02:05 info: request completed method=GET path=/api/items status=200 duration=15ms
2026-08-30 03:02:06 info: request completed method=GET path=/api/items status=200 duration=16ms
2026-08-30 03:02:07 info: request completed method=GET path=/api/items status=200 duration=17ms
2026-08-30 03:02:08 info: request completed method=GET path=/api/items status=200 duration=18ms
2026-08-30 03:02:09 info: request completed method=GET path=/api/items status=200 duration=19ms
2026-08-30 03:02:10 info: request completed method=GET path=/api/items status=200 duration=20ms
2026-08-30 03:02:11 info: request completed method=GET path=/api/items status=200 duration=21ms
2026-08-30 03:02:12 info: request completed method=GET path=/api/items status=200 duration=22ms
2026-08-30 03:02:13 info: request completed method=GET path=/api/items status=200 duration=23ms
2026-08-30 03:02:14 info: request completed method=GET path=/api/items status=200 duration=24ms
2026-08-30 03:02:15 info: request completed method=GET path=/api/items status=200 duration=25ms
2026-08-30 03:02:16 info: request completed method=GET path=/api/items status=200 duration=26ms
2026-08-30 03:02:17 info: request completed method=GET path=/api/items status=200 duration=27ms
2026-08-30 03:02:18 info: request completed method=GET path=/api/items status=200 duration=28ms
2026-08-30 03:02:19 info: request completed method=GET path=/api/items status=200 duration=29ms
2026-08-30 03:02:20 info: request completed method=GET path=/api/items status=200 duration=30ms
2026-08-30 03:02:21 info: request completed method=GET path=/api/items status=200 duration=31ms
2026-08-30 03:02:22 info: request completed method=GET path=/api/items status=200 duration=32ms
2026-08-30 03:02:23 info: request completed method=GET path=/api/items status=200 duration=33ms
2026-08-30 03:02:24 info: request completed method=GET path=/api/items status=200 duration=34ms
2026-08-30 03:02:25 info: request completed method=GET path=/api/items status=200 duration=35ms
2026-08-30 03:02:26 info: request completed method=GET path=/api/items status=200 duration=36ms
2026-08-30 03:02:27 info: request completed method=GET path=/api/items status=200 duration=37ms
2026-08-30 03:02:28 info: request completed method=GET path=/api/items status=200 duration=38ms
2026-08-30 03:02:29 info: request completed method=GET path=/api/items status=200 duration=39ms
2026-08-30 03:02:30 error: Unhandled promise rejection: TypeError: Cannot read properties of undefined (reading 'id')
    at ItemService.get (/app/src/services/item.js:34:17)
    at async ItemController.show (/app/src/controllers/item.js:12:20)
    at async Layer.handle [as handle_request] (/app/node_modules/express/lib/router/layer.js:95:5)
2026-08-30 03:02:31 info: request completed method=GET path=/api/items status=200 duration=12ms
2026-08-30 03:02:32 info: request completed method=GET path=/api/items status=200 duration=13ms
2026-08-30 03:02:33 info: request completed method=GET path=/api/items status=200 duration=14ms
2026-08-30 03:02:34 info: request completed method=GET path=/api/items status=200 duration=15ms
2026-08-30 03:02:35 info: request completed method=GET path=/api/items status=200 duration=16ms
2026-08-30 03:02:36 info: request completed method=GET path=/api/items status=200 duration=17ms
2026-08-30 03:02:37 info: request completed method=GET path=/api/items status=200 duration=18ms
2026-08-30 03:02:38 info: request completed method=GET path=/api/items status=200 duration=19ms
2026-08-30 03:02:39 info: request completed method=GET path=/api/items status=200 duration=20ms
2026-08-30 03:02:40 info: request completed method=GET path=/api/items status=200 duration=21ms
2026-08-30 03:02:41 info: request completed method=GET path=/api/items status=200 duration=22ms
2026-08-30 03:02:42 info: request completed method=GET path=/api/items status=200 duration=23ms
2026-08-30 03:02:43 info: request completed method=GET path=/api/items status=200 duration=24ms
2026-08-30 03:02:44 info: request completed method=GET path=/api/items status=200 duration=25ms
2026-08-30 03:02:45 info: request completed method=GET path=/api/items status=200 duration=26ms
2026-08-30 03:02:46 info: request completed method=GET path=/api/items status=200 duration=27ms
2026-08-30 03:02:47 info: request completed method=GET path=/api/items status=200 duration=28ms
2026-08-30 03:02:48 info: request completed method=GET path=/api/items status=200 duration=29ms
2026-08-30 03:02:49 info: request completed method=GET path=/api/items status=200 duration=30ms
2026-08-30 03:02:50 info: request completed method=GET path=/api/items status=200 duration=31ms
2026-08-30 03:02:51 info: request completed method=GET path=/api/items status=200 duration=32ms
2026-08-30 03:02:52 info: request completed method=GET path=/api/items status=200 duration=33ms
2026-08-30 03:02:53 info: request completed method=GET path=/api/items status=200 duration=34ms
2026-08-30 03:02:54 info: request completed method=GET path=/api/items status=200 duration=35ms
2026-08-30 03:02:55 info: request completed method=GET path=/api/items status=200 duration=36ms
2026-08-30 03:02:56 info: request completed method=GET path=/api/items status=200 duration=37ms
2026-08-30 03:02:57 info: request completed method=GET path=/api/items status=200 duration=38ms
2026-08-30 03:02:58 info: request completed method=GET path=/api/items status=200 duration=39ms
2026-08-30 03:02:59 info: request completed method=GET path=/api/items status=200 duration=40ms
2026-08-30 03:03:00 info: request completed method=GET path=/api/items status=200 duration=41ms
2026-08-30 03:03:01 info: request completed method=GET path=/api/items status=200 duration=12ms
2026-08-30 03:03:02 info: request completed method=GET path=/api/items status=200 duration=13ms
2026-08-30 03:03:03 info: request completed method=GET path=/api/items status=200 duration=14ms
2026-08-30 03:03:04 info: request completed method=GET path=/api/items status=200 duration=15ms
2026-08-30 03:03:05 info: request completed method=GET path=/api/items status=200 duration=16ms
2026-08-30 03:03:06 info: request completed method=GET path=/api/items status=200 duration=17ms
2026-08-30 03:03:07 info: request completed method=GET path=/api/items status=200 duration=18ms
2026-08-30 03:03:08 info: request completed method=GET path=/api/items status=200 duration=19ms
2026-08-30 03:03:09 info: request completed method=GET path=/api/items status=200 duration=20ms
2026-08-30 03:03:10 info: request completed method=GET path=/api/items status=200 duration=21ms
