2026-08-30 03:00:00 [INFO] worker received task task-5000
2026-08-30 03:00:01 [INFO] worker received task task-5001
2026-08-30 03:00:02 [INFO] worker received task task-5002
2026-08-30 03:00:03 [INFO] worker received task task-5003
2026-08-30 03:00:04 [INFO] worker received task task-5004
2026-08-30 03:00:05 [INFO] worker received task task-5005
2026-08-30 03:00:06 [INFO] worker received task task-5006
2026-08-30 03:00:07 [INFO] worker received task task-5007
2026-08-30 03:00:08 [INFO] worker received task task-5008
2026-08-30 03:00:09 [INFO] worker received task task-5009
2026-08-30 03:00:10 [INFO] worker received task task-5010
2026-08-30 03:00:11 [INFO] worker received task task-5011
2026-08-30 03:00:12 [INFO] worker received task task-5012
2026-08-30 03:00:13 [INFO] worker received task task-5013
2026-08-30 03:00:14 [INFO] worker received task task-5014
2026-08-30 03:00:15 [INFO] worker received task task-5015
2026-08-30 03:00:16 [INFO] worker received task task-5016
2026-08-30 03:00:17 [INFO] worker received task task-5017
2026-08-30 03:00:18 [INFO] worker received task task-5018
2026-08-30 03:00:19 [INFO] worker received task task-5019
2026-08-30 03:00:20 [INFO] worker received task task-5020
2026-08-30 03:00:21 [INFO] worker received task task-5021
2026-08-30 03:00:22 [INFO] worker received task task-5022
2026-08-30 03:00:23 [INFO] worker received task task-5023
2026-08-30 03:00:24 [INFO] worker received task task-5024
2026-08-30 03:00:25 [INFO] worker received task task-5025
2026-08-30 03:00:26 [INFO] worker received task task-5026
2026-08-30 03:00:27 [INFO] worker received task task-5027
2026-08-30 03:00:28 [INFO] worker received task task-5028
2026-08-30 03:00:29 [INFO] worker received task task-5029
2026-08-30 03:00:30 [INFO] worker received task task-5030
2026-08-30 03:00:31 [INFO] worker received task task-5031
2026-08-30 03:00:32 [INFO] worker received task task-5032
2026-08-30 03:00:33 [INFO] worker received task task-5033
2026-08-30 03:00:34 [INFO] worker received task task-5034
2026-08-30 03:00:35 [INFO] worker received task task-5035
2026-08-30 03:00:36 [INFO] worker received task task-5036
2026-08-30 03:00:37 [INFO] worker received task task-5037
2026-08-30 03:00:38 [INFO] worker received task task-5038
2026-08-30 03:00:39 [INFO] worker received task task-5039
2026-08-30 03:00:40 [INFO] worker received task task-5040
2026-08-30 03:00:41 [INFO] worker received task task-5041
2026-08-30 03:00:42 [INFO] worker received task task-5042
2026-08-30 03:00:43 [INFO] worker received task task-5043
2026-08-30 03:00:44 [INFO] worker received task task-5044
2026-08-30 03:00:45 [INFO] worker received task task-5045
2026-08-30 03:00:46 [INFO] worker received task task-5046
2026-08-30 03:00:47 [INFO] worker received task task-5047
2026-08-30 03:00:48 [INFO] worker received task task-5048
2026-08-30 03:00:49 [INFO] worker received task task-5049
2026-08-30 03:00:50 [INFO] worker received task task-5050
2026-08-30 03:00:51 [INFO] worker received task task-5051
2026-08-30 03:00:52 [INFO] worker received task task-5052
2026-08-30 03:00:53 [INFO] worker received task task-5053
2026-08-30 03:00:54 [INFO] worker received task task-5054
2026-08-30 03:00:55 [INFO] worker received task task-5055
2026-08-30 03:00:56 [INFO] worker received task task-5056
2026-08-30 03:00:57 [INFO] worker received task task-5057
2026-08-30 03:00:58 [INFO] worker received task task-5058
2026-08-30 03:00:59 [INFO] worker received task task-5059
2026-08-30 03:01:00 [INFO] worker received task task-5060
2026-08-30 03:01:01 [INFO] worker received task task-5061
2026-08-30 03:01:02 [INFO] worker received task task-5062
2026-08-30 03:01:03 [INFO] worker received task task-5063
2026-08-30 03:01:04 [INFO] worker received task task-5064
2026-08-30 03:01:05 [INFO] worker received task task-5065
2026-08-30 03:01:06 [INFO] worker received task task-5066
2026-08-30 03:01:07 [INFO] worker received task task-5067
2026-08-30 03:01:08 [INFO] worker received task task-5068
2026-08-30 03:01:09 [INFO] worker received task task-5069
2026-08-30 03:01:10 [INFO] worker received task task-5070
2026-08-30 03:01:11 [INFO] worker received task task-5071
2026-08-30 03:01:12 [INFO] worker received task task-5072
2026-08-30 03:01:13 [INFO] worker received task task-5073
2026-08-30 03:01:14 [INFO] worker received task task-5074
2026-08-30 03:01:15 [INFO] worker received task task-5075
2026-08-30 03:01:16 [INFO] worker received task task-5076
2026-08-30 03:01:17 [INFO] worker received task task-5077
2026-08-30 03:01:18 [INFO] worker received task task-5078
2026-08-30 03:01:19 [INFO] worker received task task-5079
2026-08-30 03:01:20 [INFO] worker received task task-5080
2026-08-30 03:01:21 [INFO] worker received task task-5081
2026-08-30 03:01:22 [INFO] worker received task task-5082
2026-08-30 03:01:23 [INFO] worker received task task-5083
2026-08-30 03:01:24 [INFO] worker received task task-5084
2026-08-30 03:01:25 [INFO] worker received task task-5085
2026-08-30 03:01:26 [INFO] worker received task task-5086
2026-08-30 03:01:27 [INFO] worker received task task-5087
2026-08-30 03:01:28 [INFO] worker received task task-5088
2026-08-30 03:01:29 [INFO] worker received task task-5089
2026-08-30 03:01:30 [INFO] worker received task task-5090
2026-08-30 03:01:31 [INFO] worker received task task-5091
2026-08-30 03:01:32 [INFO] worker received task task-5092
2026-08-30 03:01:33 [INFO] worker received task task-5093
2026-08-30 03:01:34 [INFO] worker received task task-5094
2026-08-30 03:01:35 [INFO] worker received task task-5095
2026-08-30 03:01:36 [INFO] worker received task task-5096
2026-08-30 03:01:37 [INFO] worker received task task-5097
2026-08-30 03:01:38 [INFO] worker received task task-5098
2026-08-30 03:01:39 [INFO] worker received task task-5099
2026-08-30 03:01:40 [INFO] worker received task task-5100
2026-08-30 03:01:41 [INFO] worker received task task-5101
2026-08-30 03:01:42 [INFO] worker received task task-5102
2026-08-30 03:01:43 [INFO] worker received task task-5103
2026-08-30 03:01:44 [INFO] worker received task task-5104
2026-08-30 03:01:45 [INFO] worker received task task-5105
2026-08-30 03:01:46 [INFO] worker received task task-5106
2026-08-30 03:01:47 [INFO] worker received task task-5107
2026-08-30 03:01:48 [INFO] worker received task task-5108
2026-08-30 03:01:49 [INFO] worker received task task-5109
2026-08-30 03:01:50 [INFO] worker received task task-5110
2026-08-30 03:01:51 [INFO] worker received task task-5111
2026-08-30 03:01:52 [INFO] worker received task task-5112
2026-08-30 03:01:53 [INFO] worker received task task-5113
2026-08-30 03:01:54 [INFO] worker received task task-5114
2026-08-30 03:01:55 [INFO] worker received task task-5115
2026-08-30 03:01:56 [INFO] worker received task task-5116
2026-08-30 03:01:57 [INFO] worker received task task-5117
2026-08-30 03:01:58 [INFO] worker received task task-5118
2026-08-30 03:01:59 [INFO] worker received task task-5119
2026-08-30 03:02:00 [INFO] worker received task task-5120
2026-08-30 03:02:01 [INFO] worker received task task-5121
2026-08-30 03:02:02 [INFO] worker received task task-5122
2026-08-30 03:02:03 [INFO] worker received task task-5123
2026-08-30 03:02:04 [INFO] worker received task task-5124
2026-08-30 03:02:05 [INFO] worker received task task-5125
2026-08-30 03:02:06 [INFO] worker received task task-5126
2026-08-30 03:02:07 [INFO] worker received task task-5127
2026-08-30 03:02:08 [INFO] worker received task task-5128
2026-08-30 03:02:09 [INFO] worker received task task-5129
2026-08-30 03:02:10 [INFO] worker received task task-5130
2026-08-30 03:02:11 [INFO] worker received task task-5131
2026-08-30 03:02:12 [INFO] worker received task task-5132
2026-08-30 03:02:13 [INFO] worker received task task-5133
2026-08-30 03:02:14 [INFO] worker received task task-5134
2026-08-30 03:02:15 [INFO] worker received task task-5135
2026-08-30 03:02:16 [INFO] worker received task task-5136
2026-08-30 03:02:17 [INFO] worker received task task-5137
2026-08-30 03:02:18 [INFO] worker received task task-5138
2026-08-30 03:02:19 [INFO] worker received task task-5139
2026-08-30 03:02:20 [INFO] worker received task task-5140
2026-08-30 03:02:21 [INFO] worker received task task-5141
2026-08-30 03:02:22 [INFO] worker received task task-5142
2026-08-30 03:02:23 [INFO] worker received task task-5143
2026-08-30 03:02:24 [INFO] worker received task task-5144
2026-08-30 03:02:25 [INFO] worker received task task-5145
2026-08-30 03:02:26 [INFO] worker received task task-5146
2026-08-30 03:02:27 [INFO] worker received task task-5147
2026-08-30 03:02:28 [INFO] worker received task task-5148
2026-08-30 03:02:29 [INFO] worker received task task-5149
2026-08-30 03:02:30 [ERROR] Traceback (most recent call last):
  File "/app/worker.py", line 88, in process
    result = transform(payload)
  File "/app/transform.py", line 12, in transform
    return payload["amount"] / payload["rate"]
ZeroDivisionError: division by zero
2026-08-30 03:02:31 [INFO] worker received task task-6000
2026-08-30 03:02:32 [INFO] worker received task task-6001
2026-08-30 03:02:33 [INFO] worker received task task-6002
2026-08-30 03:02:34 [INFO] worker received task task-6003
2026-08-30 03:02:35 [INFO] worker received task task-6004
2026-08-30 03:02:36 [INFO] worker received task task-6005
2026-08-30 03:02:37 [INFO] worker received task task-6006
2026-08-30 03:02:38 [INFO] worker received task task-6007
2026-08-30 03:02:39 [INFO] worker received task task-6008
2026-08-30 03:02:40 [INFO] worker received task task-6009
2026-08-30 03:02:41 [INFO] worker received task task-6010
2026-08-30 03:02:42 [INFO] worker received task task-6011
2026-08-30 03:02:43 [INFO] worker received task task-6012
2026-08-30 03:02:44 [INFO] worker received task task-6013
2026-08-30 03:02:45 [INFO] worker received task task-6014
2026-08-30 03:02:46 [INFO] worker received task task-6015
2026-08-30 03:02:47 [INFO] worker received task task-6016
2026-08-30 03:02:48 [INFO] worker received task task-6017
2026-08-30 03:02:49 [INFO] worker received task task-6018
2026-08-30 03:02:50 [INFO] worker received task task-6019
2026-08-30 03:02:51 [INFO] worker received task task-6020
2026-08-30 03:02:52 [INFO] worker received task task-6021
2026-08-30 03:02:53 [INFO] worker received task task-6022
2026-08-30 03:02:54 [INFO] worker received task task-6023
2026-08-30 03:02:55 [INFO] worker received task task-6024
2026-08-30 03:02:56 [INFO] worker received task task-6025
2026-08-30 03:02:57 [INFO] worker received task task-6026
2026-08-30 03:02:58 [INFO] worker received task task-6027
2026-08-30 03:02:59 [INFO] worker received task task-6028
2026-08-30 03:03:00 [INFO] worker received task task-6029
2026-08-30 03:03:01 [INFO] worker received task task-6030
2026-08-30 03:03:02 [INFO] worker received task task-6031
2026-08-30 03:03:03 [INFO] worker received task task-6032
2026-08-30 03:03:04 [INFO] worker received task task-6033
2026-08-30 03:03:05 [INFO] worker received task task-6034
2026-08-30 03:03:06 [INFO] worker received task task-6035
2026-08-30 03:03:07 [INFO] worker received task task-6036
2026-08-30 03:03:08 [INFO] worker received task task-6037
2026-08-30 03:03:09 [INFO] worker received task task-6038
2026-08-30 03:03:10 [INFO] worker received task task-6039
